14:30:46 **** Incremental Build of configuration Nios II for project application ****
make all 
Info: Building ../application_bsp/
C:/intelFPGA/18.1/nios2eds/bin/gnu/H-x86_64-mingw32/bin/make --no-print-directory -C ../application_bsp/
[BSP build complete]
Info: Compiling main.c to obj/default/main.o
nios2-elf-gcc -xc -MP -MMD -c -I../application_bsp//HAL/inc -I../application_bsp/ -I../application_bsp//drivers/inc  -pipe -D__hal__ -DALT_NO_C_PLUS_PLUS -DALT_NO_INSTRUCTION_EMULATION -DALT_USE_SMALL_DRIVERS -DSMALL_C_LIB -DALT_SINGLE_THREADED    -O0 -g -Wall   -mno-hw-div -mno-hw-mul -mno-hw-mulx -mgpopt=global  -o obj/default/main.o main.c
main.c: In function 'byte_accessible_test':
main.c:22:21: warning: assignment makes integer from pointer without a cast [-Wint-conversion]
   *(start_addr + i) = test_data;
                     ^
main.c:27:24: warning: comparison between pointer and integer
   if(*(start_addr + i) != test_data){
                        ^
main.c: In function 'word_accessible_test':
main.c:45:21: warning: assignment makes integer from pointer without a cast [-Wint-conversion]
   *(start_addr + i) = test_data;
                     ^
main.c:50:24: warning: comparison between pointer and integer
   if(*(start_addr + i) != test_data){
                        ^
main.c: In function 'dwrd_accessible_test':
main.c:68:21: warning: assignment makes integer from pointer without a cast [-Wint-conversion]
   *(start_addr + i) = test_data;
                     ^
main.c:73:24: warning: comparison between pointer and integer
   if(*(start_addr + i) != test_data){
                        ^
main.c: In function 'main':
main.c:100:29: warning: passing argument 1 of 'byte_accessible_test' discards 'volatile' qualifier from pointer target type [-Wdiscarded-qualifiers]
  res = byte_accessible_test(ram, bytes, test_data);
                             ^
main.c:18:5: note: expected 'uint32 * {aka long unsigned int *}' but argument is of type 'volatile uint32 * {aka volatile long unsigned int *}'
 int byte_accessible_test(uint32* start_addr, uint32 num_bytes, uint8* test_data){
     ^
main.c:100:41: warning: passing argument 3 of 'byte_accessible_test' makes pointer from integer without a cast [-Wint-conversion]
  res = byte_accessible_test(ram, bytes, test_data);
                                         ^
main.c:18:5: note: expected 'uint8 * {aka unsigned char *}' but argument is of type 'uint32 {aka long unsigned int}'
 int byte_accessible_test(uint32* start_addr, uint32 num_bytes, uint8* test_data){
     ^
main.c:98:6: warning: variable 'res' set but not used [-Wunused-but-set-variable]
  int res = 0;
      ^
main.c:94:9: warning: unused variable 'dwords' [-Wunused-variable]
  uint32 dwords = 16384;
         ^
main.c:93:9: warning: unused variable 'words' [-Wunused-variable]
  uint32 words = 8192;
         ^
Info: Linking application.elf
nios2-elf-g++  -T'../application_bsp//linker.x' -msys-crt0='../application_bsp//obj/HAL/src/crt0.o' -msys-lib=hal_bsp -L../application_bsp/  -msmallc  -Wl,-Map=application.map   -O0 -g -Wall   -mno-hw-div -mno-hw-mul -mno-hw-mulx -mgpopt=global  -o application.elf obj/default/main.o -lm -msys-lib=m
nios2-elf-insert application.elf --thread_model hal --cpu_name nios2_gen2_0 --qsys true --simulation_enabled false --id 6 --sidp 0x9028 --timestamp 1761614269 --stderr_dev jtag_uart_0 --stdin_dev jtag_uart_0 --stdout_dev jtag_uart_0 --sopc_system_name nios_system --quartus_project_dir "S:/Labs/Lab6/Quartus/part1" --jdi ../..//output_files/lab6_p1.jdi --sopcinfo S:/Labs/Lab6/Quartus/part1/software/application_bsp/../../nios_system.sopcinfo
Info: (application.elf) 8540 Bytes program size (code + initialized data).
Info:                   7112 Bytes free for stack + heap.
Info: Creating application.objdump
nios2-elf-objdump --disassemble --syms --all-header --source application.elf >application.objdump
[application build complete]

14:30:49 Build Finished (took 2s.617ms)

