Analysis & Synthesis report for Lab4
Tue Mar 04 14:35:27 2025
Quartus Prime Version 18.1.0 Build 625 09/12/2018 SJ Standard Edition


---------------------
; Table of Contents ;
---------------------
  1. Legal Notice
  2. Analysis & Synthesis Summary
  3. Analysis & Synthesis Settings
  4. Parallel Compilation
  5. Analysis & Synthesis Source Files Read
  6. Analysis & Synthesis Resource Usage Summary
  7. Analysis & Synthesis Resource Utilization by Entity
  8. Registers Removed During Synthesis
  9. General Register Statistics
 10. Inverted Register Statistics
 11. Multiplexer Restructuring Statistics (Restructuring Performed)
 12. Port Connectivity Checks: "Lab4:wrapper"
 13. Post-Synthesis Netlist Statistics for Top Partition
 14. Elapsed Time Per Partition
 15. Analysis & Synthesis Messages



----------------
; Legal Notice ;
----------------
Copyright (C) 2018  Intel Corporation. All rights reserved.
Your use of Intel Corporation's design tools, logic functions 
and other software and tools, and its AMPP partner logic 
functions, and any output files from any of the foregoing 
(including device programming or simulation files), and any 
associated documentation or information are expressly subject 
to the terms and conditions of the Intel Program License 
Subscription Agreement, the Intel Quartus Prime License Agreement,
the Intel FPGA IP License Agreement, or other applicable license
agreement, including, without limitation, that your use is for
the sole purpose of programming logic devices manufactured by
Intel and sold by Intel or its authorized distributors.  Please
refer to the applicable agreement for further details.



+-----------------------------------------------------------------------------------+
; Analysis & Synthesis Summary                                                      ;
+---------------------------------+-------------------------------------------------+
; Analysis & Synthesis Status     ; Successful - Tue Mar 04 14:35:27 2025           ;
; Quartus Prime Version           ; 18.1.0 Build 625 09/12/2018 SJ Standard Edition ;
; Revision Name                   ; Lab4                                            ;
; Top-level Entity Name           ; Lab4_top                                        ;
; Family                          ; Cyclone V                                       ;
; Logic utilization (in ALMs)     ; N/A                                             ;
; Total registers                 ; 53                                              ;
; Total pins                      ; 6                                               ;
; Total virtual pins              ; 0                                               ;
; Total block memory bits         ; 0                                               ;
; Total DSP Blocks                ; 0                                               ;
; Total HSSI RX PCSs              ; 0                                               ;
; Total HSSI PMA RX Deserializers ; 0                                               ;
; Total HSSI TX PCSs              ; 0                                               ;
; Total HSSI PMA TX Serializers   ; 0                                               ;
; Total PLLs                      ; 0                                               ;
; Total DLLs                      ; 0                                               ;
+---------------------------------+-------------------------------------------------+


+---------------------------------------------------------------------------------------------------------------------------+
; Analysis & Synthesis Settings                                                                                             ;
+---------------------------------------------------------------------------------+--------------------+--------------------+
; Option                                                                          ; Setting            ; Default Value      ;
+---------------------------------------------------------------------------------+--------------------+--------------------+
; Device                                                                          ; 5CSEMA5F31C6       ;                    ;
; Top-level entity name                                                           ; Lab4_top           ; Lab4               ;
; Family name                                                                     ; Cyclone V          ; Cyclone V          ;
; Use smart compilation                                                           ; Off                ; Off                ;
; Enable parallel Assembler and Timing Analyzer during compilation                ; On                 ; On                 ;
; Enable compact report table                                                     ; Off                ; Off                ;
; Restructure Multiplexers                                                        ; Auto               ; Auto               ;
; MLAB Add Timing Constraints For Mixed-Port Feed-Through Mode Setting Don't Care ; Off                ; Off                ;
; Create Debugging Nodes for IP Cores                                             ; Off                ; Off                ;
; Preserve fewer node names                                                       ; On                 ; On                 ;
; Intel FPGA IP Evaluation Mode                                                   ; Enable             ; Enable             ;
; Verilog Version                                                                 ; Verilog_2001       ; Verilog_2001       ;
; VHDL Version                                                                    ; VHDL_1993          ; VHDL_1993          ;
; State Machine Processing                                                        ; Auto               ; Auto               ;
; Safe State Machine                                                              ; Off                ; Off                ;
; Extract Verilog State Machines                                                  ; On                 ; On                 ;
; Extract VHDL State Machines                                                     ; On                 ; On                 ;
; Ignore Verilog initial constructs                                               ; Off                ; Off                ;
; Iteration limit for constant Verilog loops                                      ; 5000               ; 5000               ;
; Iteration limit for non-constant Verilog loops                                  ; 250                ; 250                ;
; Add Pass-Through Logic to Inferred RAMs                                         ; On                 ; On                 ;
; Infer RAMs from Raw Logic                                                       ; On                 ; On                 ;
; Parallel Synthesis                                                              ; On                 ; On                 ;
; DSP Block Balancing                                                             ; Auto               ; Auto               ;
; NOT Gate Push-Back                                                              ; On                 ; On                 ;
; Power-Up Don't Care                                                             ; On                 ; On                 ;
; Remove Redundant Logic Cells                                                    ; Off                ; Off                ;
; Remove Duplicate Registers                                                      ; On                 ; On                 ;
; Ignore CARRY Buffers                                                            ; Off                ; Off                ;
; Ignore CASCADE Buffers                                                          ; Off                ; Off                ;
; Ignore GLOBAL Buffers                                                           ; Off                ; Off                ;
; Ignore ROW GLOBAL Buffers                                                       ; Off                ; Off                ;
; Ignore LCELL Buffers                                                            ; Off                ; Off                ;
; Ignore SOFT Buffers                                                             ; On                 ; On                 ;
; Limit AHDL Integers to 32 Bits                                                  ; Off                ; Off                ;
; Optimization Technique                                                          ; Balanced           ; Balanced           ;
; Carry Chain Length                                                              ; 70                 ; 70                 ;
; Auto Carry Chains                                                               ; On                 ; On                 ;
; Auto Open-Drain Pins                                                            ; On                 ; On                 ;
; Perform WYSIWYG Primitive Resynthesis                                           ; Off                ; Off                ;
; Auto ROM Replacement                                                            ; On                 ; On                 ;
; Auto RAM Replacement                                                            ; On                 ; On                 ;
; Auto DSP Block Replacement                                                      ; On                 ; On                 ;
; Auto Shift Register Replacement                                                 ; Auto               ; Auto               ;
; Allow Shift Register Merging across Hierarchies                                 ; Auto               ; Auto               ;
; Auto Clock Enable Replacement                                                   ; On                 ; On                 ;
; Strict RAM Replacement                                                          ; Off                ; Off                ;
; Allow Synchronous Control Signals                                               ; On                 ; On                 ;
; Force Use of Synchronous Clear Signals                                          ; Off                ; Off                ;
; Auto Resource Sharing                                                           ; Off                ; Off                ;
; Allow Any RAM Size For Recognition                                              ; Off                ; Off                ;
; Allow Any ROM Size For Recognition                                              ; Off                ; Off                ;
; Allow Any Shift Register Size For Recognition                                   ; Off                ; Off                ;
; Use LogicLock Constraints during Resource Balancing                             ; On                 ; On                 ;
; Ignore translate_off and synthesis_off directives                               ; Off                ; Off                ;
; Timing-Driven Synthesis                                                         ; On                 ; On                 ;
; Report Parameter Settings                                                       ; On                 ; On                 ;
; Report Source Assignments                                                       ; On                 ; On                 ;
; Report Connectivity Checks                                                      ; On                 ; On                 ;
; Ignore Maximum Fan-Out Assignments                                              ; Off                ; Off                ;
; Synchronization Register Chain Length                                           ; 3                  ; 3                  ;
; Power Optimization During Synthesis                                             ; Normal compilation ; Normal compilation ;
; HDL message level                                                               ; Level2             ; Level2             ;
; Suppress Register Optimization Related Messages                                 ; Off                ; Off                ;
; Number of Removed Registers Reported in Synthesis Report                        ; 5000               ; 5000               ;
; Number of Swept Nodes Reported in Synthesis Report                              ; 5000               ; 5000               ;
; Number of Inverted Registers Reported in Synthesis Report                       ; 100                ; 100                ;
; Clock MUX Protection                                                            ; On                 ; On                 ;
; Auto Gated Clock Conversion                                                     ; Off                ; Off                ;
; Block Design Naming                                                             ; Auto               ; Auto               ;
; SDC constraint protection                                                       ; Off                ; Off                ;
; Synthesis Effort                                                                ; Auto               ; Auto               ;
; Shift Register Replacement - Allow Asynchronous Clear Signal                    ; On                 ; On                 ;
; Pre-Mapping Resynthesis Optimization                                            ; Off                ; Off                ;
; Analysis & Synthesis Message Level                                              ; Medium             ; Medium             ;
; Disable Register Merging Across Hierarchies                                     ; Auto               ; Auto               ;
; Resource Aware Inference For Block RAM                                          ; On                 ; On                 ;
; Automatic Parallel Synthesis                                                    ; On                 ; On                 ;
; Partial Reconfiguration Bitstream ID                                            ; Off                ; Off                ;
+---------------------------------------------------------------------------------+--------------------+--------------------+


+------------------------------------------+
; Parallel Compilation                     ;
+----------------------------+-------------+
; Processors                 ; Number      ;
+----------------------------+-------------+
; Number detected on machine ; 20          ;
; Maximum allowed            ; 10          ;
;                            ;             ;
; Average used               ; 1.00        ;
; Maximum used               ; 10          ;
;                            ;             ;
; Usage by Processor         ; % Time Used ;
;     Processor 1            ; 100.0%      ;
;     Processors 2-10        ;   0.0%      ;
+----------------------------+-------------+


+---------------------------------------------------------------------------------------------------------------+
; Analysis & Synthesis Source Files Read                                                                        ;
+----------------------------------+-----------------+-----------------+------------------------------+---------+
; File Name with User-Entered Path ; Used in Netlist ; File Type       ; File Name with Absolute Path ; Library ;
+----------------------------------+-----------------+-----------------+------------------------------+---------+
; Lab4_top.vhd                     ; yes             ; User VHDL File  ; S:/Lab4/Lab4_top.vhd         ;         ;
; Lab4.vhd                         ; yes             ; User VHDL File  ; S:/Lab4/Lab4.vhd             ;         ;
+----------------------------------+-----------------+-----------------+------------------------------+---------+


+--------------------------------------------------------------+
; Analysis & Synthesis Resource Usage Summary                  ;
+---------------------------------------------+----------------+
; Resource                                    ; Usage          ;
+---------------------------------------------+----------------+
; Estimate of Logic utilization (ALMs needed) ; 54             ;
;                                             ;                ;
; Combinational ALUT usage for logic          ; 94             ;
;     -- 7 input functions                    ; 0              ;
;     -- 6 input functions                    ; 13             ;
;     -- 5 input functions                    ; 11             ;
;     -- 4 input functions                    ; 10             ;
;     -- <=3 input functions                  ; 60             ;
;                                             ;                ;
; Dedicated logic registers                   ; 53             ;
;                                             ;                ;
; I/O pins                                    ; 6              ;
;                                             ;                ;
; Total DSP Blocks                            ; 0              ;
;                                             ;                ;
; Maximum fan-out node                        ; CLOCK_50~input ;
; Maximum fan-out                             ; 53             ;
; Total fan-out                               ; 531            ;
; Average fan-out                             ; 3.34           ;
+---------------------------------------------+----------------+


+-------------------------------------------------------------------------------------------------------------------------------------------------------------------------------------------+
; Analysis & Synthesis Resource Utilization by Entity                                                                                                                                       ;
+----------------------------+---------------------+---------------------------+-------------------+------------+------+--------------+------------------------+-------------+--------------+
; Compilation Hierarchy Node ; Combinational ALUTs ; Dedicated Logic Registers ; Block Memory Bits ; DSP Blocks ; Pins ; Virtual Pins ; Full Hierarchy Name    ; Entity Name ; Library Name ;
+----------------------------+---------------------+---------------------------+-------------------+------------+------+--------------+------------------------+-------------+--------------+
; |Lab4_top                  ; 94 (0)              ; 53 (0)                    ; 0                 ; 0          ; 6    ; 0            ; |Lab4_top              ; Lab4_top    ; work         ;
;    |Lab4:wrapper|          ; 94 (94)             ; 53 (53)                   ; 0                 ; 0          ; 0    ; 0            ; |Lab4_top|Lab4:wrapper ; Lab4        ; work         ;
+----------------------------+---------------------+---------------------------+-------------------+------------+------+--------------+------------------------+-------------+--------------+
Note: For table entries with two numbers listed, the numbers in parentheses indicate the number of resources of the given type used by the specific entity alone. The numbers listed outside of parentheses indicate the total resources of the given type used by the specific entity and all of its sub-entities in the hierarchy.


+-------------------------------------------------------------------------------------------------+
; Registers Removed During Synthesis                                                              ;
+----------------------------------------------------+--------------------------------------------+
; Register name                                      ; Reason for Removal                         ;
+----------------------------------------------------+--------------------------------------------+
; Lab4:wrapper|min_angle_reg[16..31]                 ; Stuck at GND due to stuck port data_in     ;
; Lab4:wrapper|min_angle_reg[14,15]                  ; Stuck at VCC due to stuck port data_in     ;
; Lab4:wrapper|min_angle_reg[10..13]                 ; Stuck at GND due to stuck port data_in     ;
; Lab4:wrapper|min_angle_reg[8,9]                    ; Stuck at VCC due to stuck port data_in     ;
; Lab4:wrapper|min_angle_reg[7]                      ; Stuck at GND due to stuck port data_in     ;
; Lab4:wrapper|min_angle_reg[6]                      ; Stuck at VCC due to stuck port data_in     ;
; Lab4:wrapper|min_angle_reg[5]                      ; Stuck at GND due to stuck port data_in     ;
; Lab4:wrapper|min_angle_reg[4]                      ; Stuck at VCC due to stuck port data_in     ;
; Lab4:wrapper|min_angle_reg[0..3]                   ; Stuck at GND due to stuck port data_in     ;
; Lab4:wrapper|max_angle_reg[0..4,6,8,11..14,17..30] ; Merged with Lab4:wrapper|max_angle_reg[31] ;
; Lab4:wrapper|max_angle_reg[5,7,9,10,15]            ; Merged with Lab4:wrapper|max_angle_reg[16] ;
; Lab4:wrapper|max_angle_reg[31]                     ; Stuck at GND due to stuck port data_in     ;
; Lab4:wrapper|max_angle_reg[16]                     ; Stuck at VCC due to stuck port data_in     ;
; Total Number of Removed Registers = 64             ;                                            ;
+----------------------------------------------------+--------------------------------------------+


+------------------------------------------------------+
; General Register Statistics                          ;
+----------------------------------------------+-------+
; Statistic                                    ; Value ;
+----------------------------------------------+-------+
; Total registers                              ; 53    ;
; Number of registers using Synchronous Clear  ; 20    ;
; Number of registers using Synchronous Load   ; 0     ;
; Number of registers using Asynchronous Clear ; 53    ;
; Number of registers using Asynchronous Load  ; 0     ;
; Number of registers using Clock Enable       ; 30    ;
; Number of registers using Preset             ; 0     ;
+----------------------------------------------+-------+


+--------------------------------------------------+
; Inverted Register Statistics                     ;
+----------------------------------------+---------+
; Inverted Register                      ; Fan out ;
+----------------------------------------+---------+
; Lab4:wrapper|angle_count[15]           ; 5       ;
; Lab4:wrapper|angle_count[14]           ; 5       ;
; Lab4:wrapper|angle_count[4]            ; 3       ;
; Lab4:wrapper|angle_count[9]            ; 5       ;
; Lab4:wrapper|angle_count[8]            ; 5       ;
; Lab4:wrapper|angle_count[6]            ; 5       ;
; Lab4:wrapper|state_reg[0]              ; 31      ;
; Total number of inverted registers = 7 ;         ;
+----------------------------------------+---------+


+------------------------------------------------------------------------------------------------------------------------------------------------------+
; Multiplexer Restructuring Statistics (Restructuring Performed)                                                                                       ;
+--------------------+-----------+---------------+----------------------+------------------------+------------+----------------------------------------+
; Multiplexer Inputs ; Bus Width ; Baseline Area ; Area if Restructured ; Saving if Restructured ; Registered ; Example Multiplexer Output             ;
+--------------------+-----------+---------------+----------------------+------------------------+------------+----------------------------------------+
; 6:1                ; 24 bits   ; 96 LEs        ; 24 LEs               ; 72 LEs                 ; Yes        ; |Lab4_top|Lab4:wrapper|angle_count[20] ;
; 6:1                ; 6 bits    ; 24 LEs        ; 6 LEs                ; 18 LEs                 ; Yes        ; |Lab4_top|Lab4:wrapper|angle_count[6]  ;
+--------------------+-----------+---------------+----------------------+------------------------+------------+----------------------------------------+


+------------------------------------------------------------------------------------------------------------------------------+
; Port Connectivity Checks: "Lab4:wrapper"                                                                                     ;
+--------------------+--------+----------+-------------------------------------------------------------------------------------+
; Port               ; Type   ; Severity ; Details                                                                             ;
+--------------------+--------+----------+-------------------------------------------------------------------------------------+
; write_enable       ; Input  ; Info     ; Stuck at VCC                                                                        ;
; write_address      ; Input  ; Info     ; Stuck at GND                                                                        ;
; write_data[15..14] ; Input  ; Info     ; Stuck at VCC                                                                        ;
; write_data[9..8]   ; Input  ; Info     ; Stuck at VCC                                                                        ;
; write_data[31..16] ; Input  ; Info     ; Stuck at GND                                                                        ;
; write_data[13..10] ; Input  ; Info     ; Stuck at GND                                                                        ;
; write_data[3..0]   ; Input  ; Info     ; Stuck at GND                                                                        ;
; write_data[7]      ; Input  ; Info     ; Stuck at GND                                                                        ;
; write_data[6]      ; Input  ; Info     ; Stuck at VCC                                                                        ;
; write_data[5]      ; Input  ; Info     ; Stuck at GND                                                                        ;
; write_data[4]      ; Input  ; Info     ; Stuck at VCC                                                                        ;
; irq_signal         ; Output ; Info     ; Connected to dangling logic. Logic that only feeds a dangling port will be removed. ;
+--------------------+--------+----------+-------------------------------------------------------------------------------------+


+-----------------------------------------------------+
; Post-Synthesis Netlist Statistics for Top Partition ;
+-----------------------+-----------------------------+
; Type                  ; Count                       ;
+-----------------------+-----------------------------+
; arriav_ff             ; 53                          ;
;     CLR               ; 3                           ;
;     CLR SCLR          ; 20                          ;
;     ENA CLR           ; 30                          ;
; arriav_lcell_comb     ; 94                          ;
;     arith             ; 50                          ;
;         1 data inputs ; 21                          ;
;         2 data inputs ; 29                          ;
;     normal            ; 44                          ;
;         1 data inputs ; 6                           ;
;         2 data inputs ; 3                           ;
;         3 data inputs ; 1                           ;
;         4 data inputs ; 10                          ;
;         5 data inputs ; 11                          ;
;         6 data inputs ; 13                          ;
; boundary_port         ; 6                           ;
;                       ;                             ;
; Max LUT depth         ; 4.00                        ;
; Average LUT depth     ; 2.97                        ;
+-----------------------+-----------------------------+


+-------------------------------+
; Elapsed Time Per Partition    ;
+----------------+--------------+
; Partition Name ; Elapsed Time ;
+----------------+--------------+
; Top            ; 00:00:00     ;
+----------------+--------------+


+-------------------------------+
; Analysis & Synthesis Messages ;
+-------------------------------+
Info: *******************************************************************
Info: Running Quartus Prime Analysis & Synthesis
    Info: Version 18.1.0 Build 625 09/12/2018 SJ Standard Edition
    Info: Processing started: Tue Mar 04 14:35:16 2025
Info: Command: quartus_map --read_settings_files=on --write_settings_files=off Lab4 -c Lab4
Warning (18236): Number of processors has not been specified which may cause overloading on shared machines.  Set the global assignment NUM_PARALLEL_PROCESSORS in your QSF to an appropriate value for best performance.
Info (20030): Parallel compilation is enabled and will use 10 of the 10 processors detected
Info (12021): Found 2 design units, including 1 entities, in source file lab4_top.vhd
    Info (12022): Found design unit 1: Lab4_top-Behavioral File: S:/Lab4/Lab4_top.vhd Line: 20
    Info (12023): Found entity 1: Lab4_top File: S:/Lab4/Lab4_top.vhd Line: 12
Info (12021): Found 2 design units, including 1 entities, in source file lab4.vhd
    Info (12022): Found design unit 1: Lab4-Behavioral File: S:/Lab4/Lab4.vhd Line: 24
    Info (12023): Found entity 1: Lab4 File: S:/Lab4/Lab4.vhd Line: 12
Info (12127): Elaborating entity "Lab4_top" for the top level hierarchy
Warning (10540): VHDL Signal Declaration warning at Lab4_top.vhd(22): used explicit default value for signal "write_enable" because signal was never assigned a value File: S:/Lab4/Lab4_top.vhd Line: 22
Warning (10540): VHDL Signal Declaration warning at Lab4_top.vhd(23): used explicit default value for signal "write_address" because signal was never assigned a value File: S:/Lab4/Lab4_top.vhd Line: 23
Warning (10540): VHDL Signal Declaration warning at Lab4_top.vhd(24): used explicit default value for signal "write_data" because signal was never assigned a value File: S:/Lab4/Lab4_top.vhd Line: 24
Warning (10036): Verilog HDL or VHDL warning at Lab4_top.vhd(26): object "reset_n" assigned a value but never read File: S:/Lab4/Lab4_top.vhd Line: 26
Info (12128): Elaborating entity "Lab4" for hierarchy "Lab4:wrapper" File: S:/Lab4/Lab4_top.vhd Line: 33
Warning (10492): VHDL Process Statement warning at Lab4.vhd(118): signal "min_angle_reg" is read inside the Process Statement but isn't in the Process Statement's sensitivity list File: S:/Lab4/Lab4.vhd Line: 118
Warning (10631): VHDL Process Statement warning at Lab4.vhd(115): inferring latch(es) for signal or variable "angle_count", which holds its previous value in one or more paths through the process File: S:/Lab4/Lab4.vhd Line: 115
Info (10041): Inferred latch for "angle_count[0]" at Lab4.vhd(115) File: S:/Lab4/Lab4.vhd Line: 115
Info (10041): Inferred latch for "angle_count[1]" at Lab4.vhd(115) File: S:/Lab4/Lab4.vhd Line: 115
Warning (12069): Ignored assignment(s) for "GPIO_0[1]" because "GPIO_0" is not a bus or array File: S:/Lab4/Lab4_top.vhd Line: 16
Warning (12069): Ignored assignment(s) for "GPIO_0[2]" because "GPIO_0" is not a bus or array File: S:/Lab4/Lab4_top.vhd Line: 16
Warning (12069): Ignored assignment(s) for "GPIO_0[3]" because "GPIO_0" is not a bus or array File: S:/Lab4/Lab4_top.vhd Line: 16
Warning (12069): Ignored assignment(s) for "GPIO_0[4]" because "GPIO_0" is not a bus or array File: S:/Lab4/Lab4_top.vhd Line: 16
Warning (12069): Ignored assignment(s) for "GPIO_0[5]" because "GPIO_0" is not a bus or array File: S:/Lab4/Lab4_top.vhd Line: 16
Warning (12069): Ignored assignment(s) for "GPIO_0[6]" because "GPIO_0" is not a bus or array File: S:/Lab4/Lab4_top.vhd Line: 16
Warning (12069): Ignored assignment(s) for "GPIO_0[7]" because "GPIO_0" is not a bus or array File: S:/Lab4/Lab4_top.vhd Line: 16
Warning (12069): Ignored assignment(s) for "GPIO_0[8]" because "GPIO_0" is not a bus or array File: S:/Lab4/Lab4_top.vhd Line: 16
Warning (12069): Ignored assignment(s) for "GPIO_0[9]" because "GPIO_0" is not a bus or array File: S:/Lab4/Lab4_top.vhd Line: 16
Warning (12069): Ignored assignment(s) for "GPIO_0[10]" because "GPIO_0" is not a bus or array File: S:/Lab4/Lab4_top.vhd Line: 16
Warning (12069): Ignored assignment(s) for "GPIO_0[11]" because "GPIO_0" is not a bus or array File: S:/Lab4/Lab4_top.vhd Line: 16
Warning (12069): Ignored assignment(s) for "GPIO_0[12]" because "GPIO_0" is not a bus or array File: S:/Lab4/Lab4_top.vhd Line: 16
Warning (12069): Ignored assignment(s) for "GPIO_0[13]" because "GPIO_0" is not a bus or array File: S:/Lab4/Lab4_top.vhd Line: 16
Warning (12069): Ignored assignment(s) for "GPIO_0[14]" because "GPIO_0" is not a bus or array File: S:/Lab4/Lab4_top.vhd Line: 16
Warning (12069): Ignored assignment(s) for "GPIO_0[15]" because "GPIO_0" is not a bus or array File: S:/Lab4/Lab4_top.vhd Line: 16
Warning (12069): Ignored assignment(s) for "GPIO_0[16]" because "GPIO_0" is not a bus or array File: S:/Lab4/Lab4_top.vhd Line: 16
Warning (12069): Ignored assignment(s) for "GPIO_0[17]" because "GPIO_0" is not a bus or array File: S:/Lab4/Lab4_top.vhd Line: 16
Warning (12069): Ignored assignment(s) for "GPIO_0[18]" because "GPIO_0" is not a bus or array File: S:/Lab4/Lab4_top.vhd Line: 16
Warning (12069): Ignored assignment(s) for "GPIO_0[19]" because "GPIO_0" is not a bus or array File: S:/Lab4/Lab4_top.vhd Line: 16
Warning (12069): Ignored assignment(s) for "GPIO_0[20]" because "GPIO_0" is not a bus or array File: S:/Lab4/Lab4_top.vhd Line: 16
Warning (12069): Ignored assignment(s) for "GPIO_0[21]" because "GPIO_0" is not a bus or array File: S:/Lab4/Lab4_top.vhd Line: 16
Warning (12069): Ignored assignment(s) for "GPIO_0[22]" because "GPIO_0" is not a bus or array File: S:/Lab4/Lab4_top.vhd Line: 16
Warning (12069): Ignored assignment(s) for "GPIO_0[23]" because "GPIO_0" is not a bus or array File: S:/Lab4/Lab4_top.vhd Line: 16
Warning (12069): Ignored assignment(s) for "GPIO_0[24]" because "GPIO_0" is not a bus or array File: S:/Lab4/Lab4_top.vhd Line: 16
Warning (12069): Ignored assignment(s) for "GPIO_0[25]" because "GPIO_0" is not a bus or array File: S:/Lab4/Lab4_top.vhd Line: 16
Warning (12069): Ignored assignment(s) for "GPIO_0[26]" because "GPIO_0" is not a bus or array File: S:/Lab4/Lab4_top.vhd Line: 16
Warning (12069): Ignored assignment(s) for "GPIO_0[27]" because "GPIO_0" is not a bus or array File: S:/Lab4/Lab4_top.vhd Line: 16
Warning (12069): Ignored assignment(s) for "GPIO_0[28]" because "GPIO_0" is not a bus or array File: S:/Lab4/Lab4_top.vhd Line: 16
Warning (12069): Ignored assignment(s) for "GPIO_0[29]" because "GPIO_0" is not a bus or array File: S:/Lab4/Lab4_top.vhd Line: 16
Warning (12069): Ignored assignment(s) for "GPIO_0[30]" because "GPIO_0" is not a bus or array File: S:/Lab4/Lab4_top.vhd Line: 16
Warning (12069): Ignored assignment(s) for "GPIO_0[31]" because "GPIO_0" is not a bus or array File: S:/Lab4/Lab4_top.vhd Line: 16
Warning (12069): Ignored assignment(s) for "GPIO_0[32]" because "GPIO_0" is not a bus or array File: S:/Lab4/Lab4_top.vhd Line: 16
Warning (12069): Ignored assignment(s) for "GPIO_0[33]" because "GPIO_0" is not a bus or array File: S:/Lab4/Lab4_top.vhd Line: 16
Warning (12069): Ignored assignment(s) for "GPIO_0[34]" because "GPIO_0" is not a bus or array File: S:/Lab4/Lab4_top.vhd Line: 16
Warning (12069): Ignored assignment(s) for "GPIO_0[35]" because "GPIO_0" is not a bus or array File: S:/Lab4/Lab4_top.vhd Line: 16
Info (13000): Registers with preset signals will power-up high File: S:/Lab4/Lab4.vhd Line: 117
Info (13003): DEV_CLRn pin will set, and not reset, register with preset signal due to NOT Gate Push-Back
Info (286030): Timing-Driven Synthesis is running
Info (16010): Generating hard_block partition "hard_block:auto_generated_inst"
    Info (16011): Adding 0 node(s), including 0 DDIO, 0 PLL, 0 transceiver and 0 LCELL
Warning (21074): Design contains 3 input pin(s) that do not drive logic
    Warning (15610): No output dependent on input pin "KEY[1]" File: S:/Lab4/Lab4_top.vhd Line: 15
    Warning (15610): No output dependent on input pin "KEY[2]" File: S:/Lab4/Lab4_top.vhd Line: 15
    Warning (15610): No output dependent on input pin "KEY[3]" File: S:/Lab4/Lab4_top.vhd Line: 15
Info (21057): Implemented 100 device resources after synthesis - the final resource count might be different
    Info (21058): Implemented 5 input pins
    Info (21059): Implemented 1 output pins
    Info (21061): Implemented 94 logic cells
Info: Quartus Prime Analysis & Synthesis was successful. 0 errors, 46 warnings
    Info: Peak virtual memory: 4909 megabytes
    Info: Processing ended: Tue Mar 04 14:35:27 2025
    Info: Elapsed time: 00:00:11
    Info: Total CPU time (on all processors): 00:00:07


