Analysis & Synthesis report for servo_controller
Tue Oct 21 19:51:31 2025
Quartus Prime Version 18.1.0 Build 625 09/12/2018 SJ Standard Edition


---------------------
; Table of Contents ;
---------------------
  1. Legal Notice
  2. Analysis & Synthesis Summary
  3. Analysis & Synthesis Settings
  4. Parallel Compilation
  5. Analysis & Synthesis Source Files Read
  6. Analysis & Synthesis Resource Usage Summary
  7. Analysis & Synthesis Resource Utilization by Entity
  8. User-Specified and Inferred Latches
  9. General Register Statistics
 10. Inverted Register Statistics
 11. Multiplexer Restructuring Statistics (Restructuring Performed)
 12. Post-Synthesis Netlist Statistics for Top Partition
 13. Elapsed Time Per Partition
 14. Analysis & Synthesis Messages



----------------
; Legal Notice ;
----------------
Copyright (C) 2018  Intel Corporation. All rights reserved.
Your use of Intel Corporation's design tools, logic functions 
and other software and tools, and its AMPP partner logic 
functions, and any output files from any of the foregoing 
(including device programming or simulation files), and any 
associated documentation or information are expressly subject 
to the terms and conditions of the Intel Program License 
Subscription Agreement, the Intel Quartus Prime License Agreement,
the Intel FPGA IP License Agreement, or other applicable license
agreement, including, without limitation, that your use is for
the sole purpose of programming logic devices manufactured by
Intel and sold by Intel or its authorized distributors.  Please
refer to the applicable agreement for further details.



+-----------------------------------------------------------------------------------+
; Analysis & Synthesis Summary                                                      ;
+---------------------------------+-------------------------------------------------+
; Analysis & Synthesis Status     ; Successful - Tue Oct 21 19:51:31 2025           ;
; Quartus Prime Version           ; 18.1.0 Build 625 09/12/2018 SJ Standard Edition ;
; Revision Name                   ; servo_controller                                ;
; Top-level Entity Name           ; servo_controller                                ;
; Family                          ; Cyclone V                                       ;
; Logic utilization (in ALMs)     ; N/A                                             ;
; Total registers                 ; 72                                              ;
; Total pins                      ; 38                                              ;
; Total virtual pins              ; 0                                               ;
; Total block memory bits         ; 0                                               ;
; Total DSP Blocks                ; 0                                               ;
; Total HSSI RX PCSs              ; 0                                               ;
; Total HSSI PMA RX Deserializers ; 0                                               ;
; Total HSSI TX PCSs              ; 0                                               ;
; Total HSSI PMA TX Serializers   ; 0                                               ;
; Total PLLs                      ; 0                                               ;
; Total DLLs                      ; 0                                               ;
+---------------------------------+-------------------------------------------------+


+---------------------------------------------------------------------------------------------------------------------------+
; Analysis & Synthesis Settings                                                                                             ;
+---------------------------------------------------------------------------------+--------------------+--------------------+
; Option                                                                          ; Setting            ; Default Value      ;
+---------------------------------------------------------------------------------+--------------------+--------------------+
; Device                                                                          ; 5CSEMA5F31C6       ;                    ;
; Top-level entity name                                                           ; servo_controller   ; servo_controller   ;
; Family name                                                                     ; Cyclone V          ; Cyclone V          ;
; Use smart compilation                                                           ; Off                ; Off                ;
; Enable parallel Assembler and Timing Analyzer during compilation                ; On                 ; On                 ;
; Enable compact report table                                                     ; Off                ; Off                ;
; Restructure Multiplexers                                                        ; Auto               ; Auto               ;
; MLAB Add Timing Constraints For Mixed-Port Feed-Through Mode Setting Don't Care ; Off                ; Off                ;
; Create Debugging Nodes for IP Cores                                             ; Off                ; Off                ;
; Preserve fewer node names                                                       ; On                 ; On                 ;
; Intel FPGA IP Evaluation Mode                                                   ; Enable             ; Enable             ;
; Verilog Version                                                                 ; Verilog_2001       ; Verilog_2001       ;
; VHDL Version                                                                    ; VHDL_1993          ; VHDL_1993          ;
; State Machine Processing                                                        ; Auto               ; Auto               ;
; Safe State Machine                                                              ; Off                ; Off                ;
; Extract Verilog State Machines                                                  ; On                 ; On                 ;
; Extract VHDL State Machines                                                     ; On                 ; On                 ;
; Ignore Verilog initial constructs                                               ; Off                ; Off                ;
; Iteration limit for constant Verilog loops                                      ; 5000               ; 5000               ;
; Iteration limit for non-constant Verilog loops                                  ; 250                ; 250                ;
; Add Pass-Through Logic to Inferred RAMs                                         ; On                 ; On                 ;
; Infer RAMs from Raw Logic                                                       ; On                 ; On                 ;
; Parallel Synthesis                                                              ; On                 ; On                 ;
; DSP Block Balancing                                                             ; Auto               ; Auto               ;
; NOT Gate Push-Back                                                              ; On                 ; On                 ;
; Power-Up Don't Care                                                             ; On                 ; On                 ;
; Remove Redundant Logic Cells                                                    ; Off                ; Off                ;
; Remove Duplicate Registers                                                      ; On                 ; On                 ;
; Ignore CARRY Buffers                                                            ; Off                ; Off                ;
; Ignore CASCADE Buffers                                                          ; Off                ; Off                ;
; Ignore GLOBAL Buffers                                                           ; Off                ; Off                ;
; Ignore ROW GLOBAL Buffers                                                       ; Off                ; Off                ;
; Ignore LCELL Buffers                                                            ; Off                ; Off                ;
; Ignore SOFT Buffers                                                             ; On                 ; On                 ;
; Limit AHDL Integers to 32 Bits                                                  ; Off                ; Off                ;
; Optimization Technique                                                          ; Balanced           ; Balanced           ;
; Carry Chain Length                                                              ; 70                 ; 70                 ;
; Auto Carry Chains                                                               ; On                 ; On                 ;
; Auto Open-Drain Pins                                                            ; On                 ; On                 ;
; Perform WYSIWYG Primitive Resynthesis                                           ; Off                ; Off                ;
; Auto ROM Replacement                                                            ; On                 ; On                 ;
; Auto RAM Replacement                                                            ; On                 ; On                 ;
; Auto DSP Block Replacement                                                      ; On                 ; On                 ;
; Auto Shift Register Replacement                                                 ; Auto               ; Auto               ;
; Allow Shift Register Merging across Hierarchies                                 ; Auto               ; Auto               ;
; Auto Clock Enable Replacement                                                   ; On                 ; On                 ;
; Strict RAM Replacement                                                          ; Off                ; Off                ;
; Allow Synchronous Control Signals                                               ; On                 ; On                 ;
; Force Use of Synchronous Clear Signals                                          ; Off                ; Off                ;
; Auto Resource Sharing                                                           ; Off                ; Off                ;
; Allow Any RAM Size For Recognition                                              ; Off                ; Off                ;
; Allow Any ROM Size For Recognition                                              ; Off                ; Off                ;
; Allow Any Shift Register Size For Recognition                                   ; Off                ; Off                ;
; Use LogicLock Constraints during Resource Balancing                             ; On                 ; On                 ;
; Ignore translate_off and synthesis_off directives                               ; Off                ; Off                ;
; Timing-Driven Synthesis                                                         ; On                 ; On                 ;
; Report Parameter Settings                                                       ; On                 ; On                 ;
; Report Source Assignments                                                       ; On                 ; On                 ;
; Report Connectivity Checks                                                      ; On                 ; On                 ;
; Ignore Maximum Fan-Out Assignments                                              ; Off                ; Off                ;
; Synchronization Register Chain Length                                           ; 3                  ; 3                  ;
; Power Optimization During Synthesis                                             ; Normal compilation ; Normal compilation ;
; HDL message level                                                               ; Level2             ; Level2             ;
; Suppress Register Optimization Related Messages                                 ; Off                ; Off                ;
; Number of Removed Registers Reported in Synthesis Report                        ; 5000               ; 5000               ;
; Number of Swept Nodes Reported in Synthesis Report                              ; 5000               ; 5000               ;
; Number of Inverted Registers Reported in Synthesis Report                       ; 100                ; 100                ;
; Clock MUX Protection                                                            ; On                 ; On                 ;
; Auto Gated Clock Conversion                                                     ; Off                ; Off                ;
; Block Design Naming                                                             ; Auto               ; Auto               ;
; SDC constraint protection                                                       ; Off                ; Off                ;
; Synthesis Effort                                                                ; Auto               ; Auto               ;
; Shift Register Replacement - Allow Asynchronous Clear Signal                    ; On                 ; On                 ;
; Pre-Mapping Resynthesis Optimization                                            ; Off                ; Off                ;
; Analysis & Synthesis Message Level                                              ; Medium             ; Medium             ;
; Disable Register Merging Across Hierarchies                                     ; Auto               ; Auto               ;
; Resource Aware Inference For Block RAM                                          ; On                 ; On                 ;
; Automatic Parallel Synthesis                                                    ; On                 ; On                 ;
; Partial Reconfiguration Bitstream ID                                            ; Off                ; Off                ;
+---------------------------------------------------------------------------------+--------------------+--------------------+


+------------------------------------------+
; Parallel Compilation                     ;
+----------------------------+-------------+
; Processors                 ; Number      ;
+----------------------------+-------------+
; Number detected on machine ; 20          ;
; Maximum allowed            ; 10          ;
;                            ;             ;
; Average used               ; 1.00        ;
; Maximum used               ; 10          ;
;                            ;             ;
; Usage by Processor         ; % Time Used ;
;     Processor 1            ; 100.0%      ;
;     Processors 2-10        ;   0.0%      ;
+----------------------------+-------------+


+--------------------------------------------------------------------------------------------------------------------+
; Analysis & Synthesis Source Files Read                                                                             ;
+----------------------------------+-----------------+-----------------+-----------------------------------+---------+
; File Name with User-Entered Path ; Used in Netlist ; File Type       ; File Name with Absolute Path      ; Library ;
+----------------------------------+-----------------+-----------------+-----------------------------------+---------+
; servo_controller.vhd             ; yes             ; User VHDL File  ; S:/Labs/Lab4/servo_controller.vhd ;         ;
+----------------------------------+-----------------+-----------------+-----------------------------------+---------+


+-------------------------------------------------------------+
; Analysis & Synthesis Resource Usage Summary                 ;
+---------------------------------------------+---------------+
; Resource                                    ; Usage         ;
+---------------------------------------------+---------------+
; Estimate of Logic utilization (ALMs needed) ; 169           ;
;                                             ;               ;
; Combinational ALUT usage for logic          ; 267           ;
;     -- 7 input functions                    ; 1             ;
;     -- 6 input functions                    ; 68            ;
;     -- 5 input functions                    ; 11            ;
;     -- 4 input functions                    ; 92            ;
;     -- <=3 input functions                  ; 95            ;
;                                             ;               ;
; Dedicated logic registers                   ; 72            ;
;                                             ;               ;
; I/O pins                                    ; 38            ;
;                                             ;               ;
; Total DSP Blocks                            ; 0             ;
;                                             ;               ;
; Maximum fan-out node                        ; reset_n~input ;
; Maximum fan-out                             ; 105           ;
; Total fan-out                               ; 1333          ;
; Average fan-out                             ; 3.21          ;
+---------------------------------------------+---------------+


+---------------------------------------------------------------------------------------------------------------------------------------------------------------------------------------------+
; Analysis & Synthesis Resource Utilization by Entity                                                                                                                                         ;
+----------------------------+---------------------+---------------------------+-------------------+------------+------+--------------+---------------------+------------------+--------------+
; Compilation Hierarchy Node ; Combinational ALUTs ; Dedicated Logic Registers ; Block Memory Bits ; DSP Blocks ; Pins ; Virtual Pins ; Full Hierarchy Name ; Entity Name      ; Library Name ;
+----------------------------+---------------------+---------------------------+-------------------+------------+------+--------------+---------------------+------------------+--------------+
; |servo_controller          ; 267 (267)           ; 72 (72)                   ; 0                 ; 0          ; 38   ; 0            ; |servo_controller   ; servo_controller ; work         ;
+----------------------------+---------------------+---------------------------+-------------------+------------+------+--------------+---------------------+------------------+--------------+
Note: For table entries with two numbers listed, the numbers in parentheses indicate the number of resources of the given type used by the specific entity alone. The numbers listed outside of parentheses indicate the total resources of the given type used by the specific entity and all of its sub-entities in the hierarchy.


+----------------------------------------------------------------------------------------------------+
; User-Specified and Inferred Latches                                                                ;
+-----------------------------------------------------+---------------------+------------------------+
; Latch Name                                          ; Latch Enable Signal ; Free of Timing Hazards ;
+-----------------------------------------------------+---------------------+------------------------+
; max_angle_count[31]                                 ; max_angle_count[16] ; yes                    ;
; max_angle_count[30]                                 ; max_angle_count[16] ; yes                    ;
; max_angle_count[29]                                 ; max_angle_count[16] ; yes                    ;
; max_angle_count[28]                                 ; max_angle_count[16] ; yes                    ;
; max_angle_count[27]                                 ; max_angle_count[16] ; yes                    ;
; max_angle_count[26]                                 ; max_angle_count[16] ; yes                    ;
; max_angle_count[25]                                 ; max_angle_count[16] ; yes                    ;
; max_angle_count[24]                                 ; max_angle_count[16] ; yes                    ;
; max_angle_count[23]                                 ; max_angle_count[16] ; yes                    ;
; max_angle_count[22]                                 ; max_angle_count[16] ; yes                    ;
; max_angle_count[21]                                 ; max_angle_count[16] ; yes                    ;
; max_angle_count[20]                                 ; max_angle_count[16] ; yes                    ;
; max_angle_count[19]                                 ; max_angle_count[16] ; yes                    ;
; max_angle_count[18]                                 ; max_angle_count[16] ; yes                    ;
; max_angle_count[17]                                 ; max_angle_count[16] ; yes                    ;
; max_angle_count[16]                                 ; max_angle_count[16] ; yes                    ;
; max_angle_count[15]                                 ; max_angle_count[16] ; yes                    ;
; max_angle_count[14]                                 ; max_angle_count[16] ; yes                    ;
; max_angle_count[13]                                 ; max_angle_count[16] ; yes                    ;
; max_angle_count[12]                                 ; max_angle_count[16] ; yes                    ;
; max_angle_count[11]                                 ; max_angle_count[16] ; yes                    ;
; max_angle_count[10]                                 ; max_angle_count[16] ; yes                    ;
; max_angle_count[9]                                  ; max_angle_count[16] ; yes                    ;
; max_angle_count[8]                                  ; max_angle_count[16] ; yes                    ;
; max_angle_count[7]                                  ; max_angle_count[16] ; yes                    ;
; max_angle_count[6]                                  ; max_angle_count[16] ; yes                    ;
; max_angle_count[5]                                  ; max_angle_count[16] ; yes                    ;
; max_angle_count[4]                                  ; max_angle_count[16] ; yes                    ;
; max_angle_count[3]                                  ; max_angle_count[16] ; yes                    ;
; max_angle_count[2]                                  ; max_angle_count[16] ; yes                    ;
; max_angle_count[1]                                  ; max_angle_count[16] ; yes                    ;
; max_angle_count[0]                                  ; max_angle_count[16] ; yes                    ;
; min_angle_count[31]                                 ; min_angle_count[15] ; yes                    ;
; min_angle_count[30]                                 ; min_angle_count[15] ; yes                    ;
; min_angle_count[29]                                 ; min_angle_count[15] ; yes                    ;
; min_angle_count[28]                                 ; min_angle_count[15] ; yes                    ;
; min_angle_count[27]                                 ; min_angle_count[15] ; yes                    ;
; min_angle_count[26]                                 ; min_angle_count[15] ; yes                    ;
; min_angle_count[25]                                 ; min_angle_count[15] ; yes                    ;
; min_angle_count[24]                                 ; min_angle_count[15] ; yes                    ;
; min_angle_count[23]                                 ; min_angle_count[15] ; yes                    ;
; min_angle_count[22]                                 ; min_angle_count[15] ; yes                    ;
; min_angle_count[21]                                 ; min_angle_count[15] ; yes                    ;
; min_angle_count[20]                                 ; min_angle_count[15] ; yes                    ;
; min_angle_count[19]                                 ; min_angle_count[15] ; yes                    ;
; min_angle_count[18]                                 ; min_angle_count[15] ; yes                    ;
; min_angle_count[17]                                 ; min_angle_count[15] ; yes                    ;
; min_angle_count[16]                                 ; min_angle_count[15] ; yes                    ;
; min_angle_count[15]                                 ; min_angle_count[15] ; yes                    ;
; min_angle_count[14]                                 ; min_angle_count[15] ; yes                    ;
; min_angle_count[13]                                 ; min_angle_count[15] ; yes                    ;
; min_angle_count[12]                                 ; min_angle_count[15] ; yes                    ;
; min_angle_count[11]                                 ; min_angle_count[15] ; yes                    ;
; min_angle_count[10]                                 ; min_angle_count[15] ; yes                    ;
; min_angle_count[9]                                  ; min_angle_count[15] ; yes                    ;
; min_angle_count[8]                                  ; min_angle_count[15] ; yes                    ;
; min_angle_count[7]                                  ; min_angle_count[15] ; yes                    ;
; min_angle_count[6]                                  ; min_angle_count[15] ; yes                    ;
; min_angle_count[5]                                  ; min_angle_count[15] ; yes                    ;
; min_angle_count[4]                                  ; min_angle_count[15] ; yes                    ;
; min_angle_count[3]                                  ; min_angle_count[15] ; yes                    ;
; min_angle_count[2]                                  ; min_angle_count[15] ; yes                    ;
; min_angle_count[1]                                  ; min_angle_count[15] ; yes                    ;
; Number of user-specified and inferred latches = 63  ;                     ;                        ;
+-----------------------------------------------------+---------------------+------------------------+
Note: All latches listed above may not be present at the end of synthesis due to various synthesis optimizations.


+------------------------------------------------------+
; General Register Statistics                          ;
+----------------------------------------------+-------+
; Statistic                                    ; Value ;
+----------------------------------------------+-------+
; Total registers                              ; 72    ;
; Number of registers using Synchronous Clear  ; 32    ;
; Number of registers using Synchronous Load   ; 0     ;
; Number of registers using Asynchronous Clear ; 37    ;
; Number of registers using Asynchronous Load  ; 0     ;
; Number of registers using Clock Enable       ; 33    ;
; Number of registers using Preset             ; 0     ;
+----------------------------------------------+-------+


+--------------------------------------------------+
; Inverted Register Statistics                     ;
+----------------------------------------+---------+
; Inverted Register                      ; Fan out ;
+----------------------------------------+---------+
; angle_count[7]                         ; 9       ;
; angle_count[6]                         ; 8       ;
; angle_count[5]                         ; 7       ;
; angle_count[4]                         ; 7       ;
; angle_count[3]                         ; 6       ;
; angle_count[13]                        ; 9       ;
; angle_count[10]                        ; 8       ;
; angle_count[16]                        ; 7       ;
; current_state[0]                       ; 6       ;
; Total number of inverted registers = 9 ;         ;
+----------------------------------------+---------+


+-------------------------------------------------------------------------------------------------------------------------------------------------+
; Multiplexer Restructuring Statistics (Restructuring Performed)                                                                                  ;
+--------------------+-----------+---------------+----------------------+------------------------+------------+-----------------------------------+
; Multiplexer Inputs ; Bus Width ; Baseline Area ; Area if Restructured ; Saving if Restructured ; Registered ; Example Multiplexer Output        ;
+--------------------+-----------+---------------+----------------------+------------------------+------------+-----------------------------------+
; 18:1               ; 23 bits   ; 276 LEs       ; 23 LEs               ; 253 LEs                ; Yes        ; |servo_controller|angle_count[18] ;
; 18:1               ; 8 bits    ; 96 LEs        ; 8 LEs                ; 88 LEs                 ; Yes        ; |servo_controller|angle_count[13] ;
+--------------------+-----------+---------------+----------------------+------------------------+------------+-----------------------------------+


+-----------------------------------------------------+
; Post-Synthesis Netlist Statistics for Top Partition ;
+-----------------------+-----------------------------+
; Type                  ; Count                       ;
+-----------------------+-----------------------------+
; arriav_ff             ; 72                          ;
;     CLR               ; 5                           ;
;     CLR SCLR          ; 32                          ;
;     ENA               ; 33                          ;
;     plain             ; 2                           ;
; arriav_lcell_comb     ; 267                         ;
;     arith             ; 63                          ;
;         1 data inputs ; 33                          ;
;         2 data inputs ; 30                          ;
;     extend            ; 1                           ;
;         7 data inputs ; 1                           ;
;     normal            ; 203                         ;
;         1 data inputs ; 9                           ;
;         2 data inputs ; 23                          ;
;         4 data inputs ; 92                          ;
;         5 data inputs ; 11                          ;
;         6 data inputs ; 68                          ;
; boundary_port         ; 38                          ;
;                       ;                             ;
; Max LUT depth         ; 5.00                        ;
; Average LUT depth     ; 3.45                        ;
+-----------------------+-----------------------------+


+-------------------------------+
; Elapsed Time Per Partition    ;
+----------------+--------------+
; Partition Name ; Elapsed Time ;
+----------------+--------------+
; Top            ; 00:00:00     ;
+----------------+--------------+


+-------------------------------+
; Analysis & Synthesis Messages ;
+-------------------------------+
Info: *******************************************************************
Info: Running Quartus Prime Analysis & Synthesis
    Info: Version 18.1.0 Build 625 09/12/2018 SJ Standard Edition
    Info: Processing started: Tue Oct 21 19:51:21 2025
Info: Command: quartus_map --read_settings_files=on --write_settings_files=off servo_controller -c servo_controller
Warning (18236): Number of processors has not been specified which may cause overloading on shared machines.  Set the global assignment NUM_PARALLEL_PROCESSORS in your QSF to an appropriate value for best performance.
Info (20030): Parallel compilation is enabled and will use 10 of the 10 processors detected
Info (12021): Found 2 design units, including 1 entities, in source file servo_controller.vhd
    Info (12022): Found design unit 1: servo_controller-rtl File: S:/Labs/Lab4/servo_controller.vhd Line: 22
    Info (12023): Found entity 1: servo_controller File: S:/Labs/Lab4/servo_controller.vhd Line: 8
Info (12127): Elaborating entity "servo_controller" for the top level hierarchy
Warning (10492): VHDL Process Statement warning at servo_controller.vhd(48): signal "we" is read inside the Process Statement but isn't in the Process Statement's sensitivity list File: S:/Labs/Lab4/servo_controller.vhd Line: 48
Warning (10492): VHDL Process Statement warning at servo_controller.vhd(49): signal "address" is read inside the Process Statement but isn't in the Process Statement's sensitivity list File: S:/Labs/Lab4/servo_controller.vhd Line: 49
Warning (10492): VHDL Process Statement warning at servo_controller.vhd(50): signal "writedata" is read inside the Process Statement but isn't in the Process Statement's sensitivity list File: S:/Labs/Lab4/servo_controller.vhd Line: 50
Warning (10492): VHDL Process Statement warning at servo_controller.vhd(51): signal "address" is read inside the Process Statement but isn't in the Process Statement's sensitivity list File: S:/Labs/Lab4/servo_controller.vhd Line: 51
Warning (10492): VHDL Process Statement warning at servo_controller.vhd(52): signal "writedata" is read inside the Process Statement but isn't in the Process Statement's sensitivity list File: S:/Labs/Lab4/servo_controller.vhd Line: 52
Warning (10631): VHDL Process Statement warning at servo_controller.vhd(42): inferring latch(es) for signal or variable "min_angle_count", which holds its previous value in one or more paths through the process File: S:/Labs/Lab4/servo_controller.vhd Line: 42
Warning (10631): VHDL Process Statement warning at servo_controller.vhd(42): inferring latch(es) for signal or variable "max_angle_count", which holds its previous value in one or more paths through the process File: S:/Labs/Lab4/servo_controller.vhd Line: 42
Warning (10492): VHDL Process Statement warning at servo_controller.vhd(128): signal "period_counter" is read inside the Process Statement but isn't in the Process Statement's sensitivity list File: S:/Labs/Lab4/servo_controller.vhd Line: 128
Warning (10492): VHDL Process Statement warning at servo_controller.vhd(128): signal "angle_count" is read inside the Process Statement but isn't in the Process Statement's sensitivity list File: S:/Labs/Lab4/servo_controller.vhd Line: 128
Info (10041): Inferred latch for "max_angle_count[0]" at servo_controller.vhd(42) File: S:/Labs/Lab4/servo_controller.vhd Line: 42
Info (10041): Inferred latch for "max_angle_count[1]" at servo_controller.vhd(42) File: S:/Labs/Lab4/servo_controller.vhd Line: 42
Info (10041): Inferred latch for "max_angle_count[2]" at servo_controller.vhd(42) File: S:/Labs/Lab4/servo_controller.vhd Line: 42
Info (10041): Inferred latch for "max_angle_count[3]" at servo_controller.vhd(42) File: S:/Labs/Lab4/servo_controller.vhd Line: 42
Info (10041): Inferred latch for "max_angle_count[4]" at servo_controller.vhd(42) File: S:/Labs/Lab4/servo_controller.vhd Line: 42
Info (10041): Inferred latch for "max_angle_count[5]" at servo_controller.vhd(42) File: S:/Labs/Lab4/servo_controller.vhd Line: 42
Info (10041): Inferred latch for "max_angle_count[6]" at servo_controller.vhd(42) File: S:/Labs/Lab4/servo_controller.vhd Line: 42
Info (10041): Inferred latch for "max_angle_count[7]" at servo_controller.vhd(42) File: S:/Labs/Lab4/servo_controller.vhd Line: 42
Info (10041): Inferred latch for "max_angle_count[8]" at servo_controller.vhd(42) File: S:/Labs/Lab4/servo_controller.vhd Line: 42
Info (10041): Inferred latch for "max_angle_count[9]" at servo_controller.vhd(42) File: S:/Labs/Lab4/servo_controller.vhd Line: 42
Info (10041): Inferred latch for "max_angle_count[10]" at servo_controller.vhd(42) File: S:/Labs/Lab4/servo_controller.vhd Line: 42
Info (10041): Inferred latch for "max_angle_count[11]" at servo_controller.vhd(42) File: S:/Labs/Lab4/servo_controller.vhd Line: 42
Info (10041): Inferred latch for "max_angle_count[12]" at servo_controller.vhd(42) File: S:/Labs/Lab4/servo_controller.vhd Line: 42
Info (10041): Inferred latch for "max_angle_count[13]" at servo_controller.vhd(42) File: S:/Labs/Lab4/servo_controller.vhd Line: 42
Info (10041): Inferred latch for "max_angle_count[14]" at servo_controller.vhd(42) File: S:/Labs/Lab4/servo_controller.vhd Line: 42
Info (10041): Inferred latch for "max_angle_count[15]" at servo_controller.vhd(42) File: S:/Labs/Lab4/servo_controller.vhd Line: 42
Info (10041): Inferred latch for "max_angle_count[16]" at servo_controller.vhd(42) File: S:/Labs/Lab4/servo_controller.vhd Line: 42
Info (10041): Inferred latch for "max_angle_count[17]" at servo_controller.vhd(42) File: S:/Labs/Lab4/servo_controller.vhd Line: 42
Info (10041): Inferred latch for "max_angle_count[18]" at servo_controller.vhd(42) File: S:/Labs/Lab4/servo_controller.vhd Line: 42
Info (10041): Inferred latch for "max_angle_count[19]" at servo_controller.vhd(42) File: S:/Labs/Lab4/servo_controller.vhd Line: 42
Info (10041): Inferred latch for "max_angle_count[20]" at servo_controller.vhd(42) File: S:/Labs/Lab4/servo_controller.vhd Line: 42
Info (10041): Inferred latch for "max_angle_count[21]" at servo_controller.vhd(42) File: S:/Labs/Lab4/servo_controller.vhd Line: 42
Info (10041): Inferred latch for "max_angle_count[22]" at servo_controller.vhd(42) File: S:/Labs/Lab4/servo_controller.vhd Line: 42
Info (10041): Inferred latch for "max_angle_count[23]" at servo_controller.vhd(42) File: S:/Labs/Lab4/servo_controller.vhd Line: 42
Info (10041): Inferred latch for "max_angle_count[24]" at servo_controller.vhd(42) File: S:/Labs/Lab4/servo_controller.vhd Line: 42
Info (10041): Inferred latch for "max_angle_count[25]" at servo_controller.vhd(42) File: S:/Labs/Lab4/servo_controller.vhd Line: 42
Info (10041): Inferred latch for "max_angle_count[26]" at servo_controller.vhd(42) File: S:/Labs/Lab4/servo_controller.vhd Line: 42
Info (10041): Inferred latch for "max_angle_count[27]" at servo_controller.vhd(42) File: S:/Labs/Lab4/servo_controller.vhd Line: 42
Info (10041): Inferred latch for "max_angle_count[28]" at servo_controller.vhd(42) File: S:/Labs/Lab4/servo_controller.vhd Line: 42
Info (10041): Inferred latch for "max_angle_count[29]" at servo_controller.vhd(42) File: S:/Labs/Lab4/servo_controller.vhd Line: 42
Info (10041): Inferred latch for "max_angle_count[30]" at servo_controller.vhd(42) File: S:/Labs/Lab4/servo_controller.vhd Line: 42
Info (10041): Inferred latch for "max_angle_count[31]" at servo_controller.vhd(42) File: S:/Labs/Lab4/servo_controller.vhd Line: 42
Info (10041): Inferred latch for "min_angle_count[0]" at servo_controller.vhd(42) File: S:/Labs/Lab4/servo_controller.vhd Line: 42
Info (10041): Inferred latch for "min_angle_count[1]" at servo_controller.vhd(42) File: S:/Labs/Lab4/servo_controller.vhd Line: 42
Info (10041): Inferred latch for "min_angle_count[2]" at servo_controller.vhd(42) File: S:/Labs/Lab4/servo_controller.vhd Line: 42
Info (10041): Inferred latch for "min_angle_count[3]" at servo_controller.vhd(42) File: S:/Labs/Lab4/servo_controller.vhd Line: 42
Info (10041): Inferred latch for "min_angle_count[4]" at servo_controller.vhd(42) File: S:/Labs/Lab4/servo_controller.vhd Line: 42
Info (10041): Inferred latch for "min_angle_count[5]" at servo_controller.vhd(42) File: S:/Labs/Lab4/servo_controller.vhd Line: 42
Info (10041): Inferred latch for "min_angle_count[6]" at servo_controller.vhd(42) File: S:/Labs/Lab4/servo_controller.vhd Line: 42
Info (10041): Inferred latch for "min_angle_count[7]" at servo_controller.vhd(42) File: S:/Labs/Lab4/servo_controller.vhd Line: 42
Info (10041): Inferred latch for "min_angle_count[8]" at servo_controller.vhd(42) File: S:/Labs/Lab4/servo_controller.vhd Line: 42
Info (10041): Inferred latch for "min_angle_count[9]" at servo_controller.vhd(42) File: S:/Labs/Lab4/servo_controller.vhd Line: 42
Info (10041): Inferred latch for "min_angle_count[10]" at servo_controller.vhd(42) File: S:/Labs/Lab4/servo_controller.vhd Line: 42
Info (10041): Inferred latch for "min_angle_count[11]" at servo_controller.vhd(42) File: S:/Labs/Lab4/servo_controller.vhd Line: 42
Info (10041): Inferred latch for "min_angle_count[12]" at servo_controller.vhd(42) File: S:/Labs/Lab4/servo_controller.vhd Line: 42
Info (10041): Inferred latch for "min_angle_count[13]" at servo_controller.vhd(42) File: S:/Labs/Lab4/servo_controller.vhd Line: 42
Info (10041): Inferred latch for "min_angle_count[14]" at servo_controller.vhd(42) File: S:/Labs/Lab4/servo_controller.vhd Line: 42
Info (10041): Inferred latch for "min_angle_count[15]" at servo_controller.vhd(42) File: S:/Labs/Lab4/servo_controller.vhd Line: 42
Info (10041): Inferred latch for "min_angle_count[16]" at servo_controller.vhd(42) File: S:/Labs/Lab4/servo_controller.vhd Line: 42
Info (10041): Inferred latch for "min_angle_count[17]" at servo_controller.vhd(42) File: S:/Labs/Lab4/servo_controller.vhd Line: 42
Info (10041): Inferred latch for "min_angle_count[18]" at servo_controller.vhd(42) File: S:/Labs/Lab4/servo_controller.vhd Line: 42
Info (10041): Inferred latch for "min_angle_count[19]" at servo_controller.vhd(42) File: S:/Labs/Lab4/servo_controller.vhd Line: 42
Info (10041): Inferred latch for "min_angle_count[20]" at servo_controller.vhd(42) File: S:/Labs/Lab4/servo_controller.vhd Line: 42
Info (10041): Inferred latch for "min_angle_count[21]" at servo_controller.vhd(42) File: S:/Labs/Lab4/servo_controller.vhd Line: 42
Info (10041): Inferred latch for "min_angle_count[22]" at servo_controller.vhd(42) File: S:/Labs/Lab4/servo_controller.vhd Line: 42
Info (10041): Inferred latch for "min_angle_count[23]" at servo_controller.vhd(42) File: S:/Labs/Lab4/servo_controller.vhd Line: 42
Info (10041): Inferred latch for "min_angle_count[24]" at servo_controller.vhd(42) File: S:/Labs/Lab4/servo_controller.vhd Line: 42
Info (10041): Inferred latch for "min_angle_count[25]" at servo_controller.vhd(42) File: S:/Labs/Lab4/servo_controller.vhd Line: 42
Info (10041): Inferred latch for "min_angle_count[26]" at servo_controller.vhd(42) File: S:/Labs/Lab4/servo_controller.vhd Line: 42
Info (10041): Inferred latch for "min_angle_count[27]" at servo_controller.vhd(42) File: S:/Labs/Lab4/servo_controller.vhd Line: 42
Info (10041): Inferred latch for "min_angle_count[28]" at servo_controller.vhd(42) File: S:/Labs/Lab4/servo_controller.vhd Line: 42
Info (10041): Inferred latch for "min_angle_count[29]" at servo_controller.vhd(42) File: S:/Labs/Lab4/servo_controller.vhd Line: 42
Info (10041): Inferred latch for "min_angle_count[30]" at servo_controller.vhd(42) File: S:/Labs/Lab4/servo_controller.vhd Line: 42
Info (10041): Inferred latch for "min_angle_count[31]" at servo_controller.vhd(42) File: S:/Labs/Lab4/servo_controller.vhd Line: 42
Info (286030): Timing-Driven Synthesis is running
Info (16010): Generating hard_block partition "hard_block:auto_generated_inst"
    Info (16011): Adding 0 node(s), including 0 DDIO, 0 PLL, 0 transceiver and 0 LCELL
Info (21057): Implemented 308 device resources after synthesis - the final resource count might be different
    Info (21058): Implemented 36 input pins
    Info (21059): Implemented 2 output pins
    Info (21061): Implemented 270 logic cells
Info: Quartus Prime Analysis & Synthesis was successful. 0 errors, 10 warnings
    Info: Peak virtual memory: 4909 megabytes
    Info: Processing ended: Tue Oct 21 19:51:32 2025
    Info: Elapsed time: 00:00:11
    Info: Total CPU time (on all processors): 00:00:17


