------------------------------------------------------------
Timing Analyzer Summary
------------------------------------------------------------

Type  : Slow 1100mV 85C Model Setup 'CLOCK_50'
Slack : -4.421
TNS   : -253.179

Type  : Slow 1100mV 85C Model Hold 'CLOCK_50'
Slack : 0.219
TNS   : 0.000

Type  : Slow 1100mV 85C Model Minimum Pulse Width 'CLOCK_50'
Slack : -0.394
TNS   : -46.847

Type  : Slow 1100mV 85C Model Minimum Pulse Width 'address'
Slack : 0.010
TNS   : 0.000

Type  : Slow 1100mV 0C Model Setup 'CLOCK_50'
Slack : -4.065
TNS   : -239.714

Type  : Slow 1100mV 0C Model Hold 'CLOCK_50'
Slack : 0.207
TNS   : 0.000

Type  : Slow 1100mV 0C Model Minimum Pulse Width 'CLOCK_50'
Slack : -0.394
TNS   : -50.484

Type  : Slow 1100mV 0C Model Minimum Pulse Width 'address'
Slack : 0.019
TNS   : 0.000

Type  : Fast 1100mV 85C Model Setup 'CLOCK_50'
Slack : -2.742
TNS   : -126.972

Type  : Fast 1100mV 85C Model Hold 'CLOCK_50'
Slack : 0.127
TNS   : 0.000

Type  : Fast 1100mV 85C Model Minimum Pulse Width 'address'
Slack : -0.181
TNS   : -8.928

Type  : Fast 1100mV 85C Model Minimum Pulse Width 'CLOCK_50'
Slack : -0.084
TNS   : -7.074

Type  : Fast 1100mV 0C Model Setup 'CLOCK_50'
Slack : -2.449
TNS   : -111.566

Type  : Fast 1100mV 0C Model Hold 'CLOCK_50'
Slack : 0.118
TNS   : 0.000

Type  : Fast 1100mV 0C Model Minimum Pulse Width 'address'
Slack : -0.153
TNS   : -7.709

Type  : Fast 1100mV 0C Model Minimum Pulse Width 'CLOCK_50'
Slack : -0.083
TNS   : -7.100

------------------------------------------------------------
