23:35:29 **** Incremental Build of configuration Nios II for project application ****
make all 
Info: Building ../application_bsp/
C:/intelFPGA_lite/18.1/nios2eds/bin/gnu/H-x86_64-mingw32/bin/make --no-print-directory -C ../application_bsp/
Creating libhal_bsp.a...
rm -f -f libhal_bsp.a
nios2-elf-ar -src libhal_bsp.a obj/HAL/src/alt_alarm_start.o obj/HAL/src/alt_busy_sleep.o obj/HAL/src/alt_close.o obj/HAL/src/alt_dcache_flush.o obj/HAL/src/alt_dcache_flush_all.o obj/HAL/src/alt_dcache_flush_no_writeback.o obj/HAL/src/alt_dev.o obj/HAL/src/alt_dev_llist_insert.o obj/HAL/src/alt_dma_rxchan_open.o obj/HAL/src/alt_dma_txchan_open.o obj/HAL/src/alt_do_ctors.o obj/HAL/src/alt_do_dtors.o obj/HAL/src/alt_ecc_fatal_entry.o obj/HAL/src/alt_ecc_fatal_exception.o obj/HAL/src/alt_env_lock.o obj/HAL/src/alt_environ.o obj/HAL/src/alt_errno.o obj/HAL/src/alt_exception_entry.o obj/HAL/src/alt_exception_muldiv.o obj/HAL/src/alt_exception_trap.o obj/HAL/src/alt_execve.o obj/HAL/src/alt_exit.o obj/HAL/src/alt_fcntl.o obj/HAL/src/alt_fd_lock.o obj/HAL/src/alt_fd_unlock.o obj/HAL/src/alt_find_dev.o obj/HAL/src/alt_find_file.o obj/HAL/src/alt_flash_dev.o obj/HAL/src/alt_fork.o obj/HAL/src/alt_fs_reg.o obj/HAL/src/alt_fstat.o obj/HAL/src/alt_get_fd.o obj/HAL/src/alt_getchar.o obj/HAL/src/alt_getpid.o obj/HAL/src/alt_gettod.o obj/HAL/src/alt_gmon.o obj/HAL/src/alt_icache_flush.o obj/HAL/src/alt_icache_flush_all.o obj/HAL/src/alt_iic.o obj/HAL/src/alt_iic_isr_register.o obj/HAL/src/alt_instruction_exception_entry.o obj/HAL/src/alt_instruction_exception_register.o obj/HAL/src/alt_io_redirect.o obj/HAL/src/alt_ioctl.o obj/HAL/src/alt_irq_entry.o obj/HAL/src/alt_irq_handler.o obj/HAL/src/alt_irq_register.o obj/HAL/src/alt_irq_vars.o obj/HAL/src/alt_isatty.o obj/HAL/src/alt_kill.o obj/HAL/src/alt_link.o obj/HAL/src/alt_load.o obj/HAL/src/alt_log_macro.o obj/HAL/src/alt_log_printf.o obj/HAL/src/alt_lseek.o obj/HAL/src/alt_main.o obj/HAL/src/alt_malloc_lock.o obj/HAL/src/alt_mcount.o obj/HAL/src/alt_open.o obj/HAL/src/alt_printf.o obj/HAL/src/alt_putchar.o obj/HAL/src/alt_putcharbuf.o obj/HAL/src/alt_putstr.o obj/HAL/src/alt_read.o obj/HAL/src/alt_release_fd.o obj/HAL/src/alt_remap_cached.o obj/HAL/src/alt_remap_uncached.o obj/HAL/src/alt_rename.o obj/HAL/src/alt_sbrk.o obj/HAL/src/alt_settod.o obj/HAL/src/alt_software_exception.o obj/HAL/src/alt_stat.o obj/HAL/src/alt_tick.o obj/HAL/src/alt_times.o obj/HAL/src/alt_uncached_free.o obj/HAL/src/alt_uncached_malloc.o obj/HAL/src/alt_unlink.o obj/HAL/src/alt_usleep.o obj/HAL/src/alt_wait.o obj/HAL/src/alt_write.o obj/HAL/src/altera_nios2_gen2_irq.o obj/HAL/src/crt0.o obj/alt_sys_init.o obj/drivers/src/altera_avalon_jtag_uart_fd.o obj/drivers/src/altera_avalon_jtag_uart_init.o obj/drivers/src/altera_avalon_jtag_uart_ioctl.o obj/drivers/src/altera_avalon_jtag_uart_read.o obj/drivers/src/altera_avalon_jtag_uart_write.o obj/drivers/src/altera_avalon_sysid_qsys.o
[BSP build complete]
Info: Compiling main.c to obj/default/main.o
nios2-elf-gcc -xc -MP -MMD -c -I../application_bsp//HAL/inc -I../application_bsp/ -I../application_bsp//drivers/inc  -pipe -D__hal__ -DALT_NO_C_PLUS_PLUS -DALT_NO_INSTRUCTION_EMULATION -DALT_USE_SMALL_DRIVERS -DSMALL_C_LIB -DALT_SINGLE_THREADED    -O0 -g -Wall   -mno-hw-div -mno-hw-mul -mno-hw-mulx -mgpopt=global  -o obj/default/main.o main.c
main.c: In function 'byte_accessible_test':
main.c:21:21: warning: assignment makes integer from pointer without a cast [-Wint-conversion]
   *(start_addr + i) = test_data;
                     ^
main.c:26:24: warning: comparison between pointer and integer
   if(*(start_addr + i) != test_data){
                        ^
main.c:29:11: warning: format '%u' expects argument of type 'unsigned int', but argument 2 has type 'uint32 {aka long unsigned int}' [-Wformat=]
    printf("Failed at memory location : %u\n", i);
           ^
main.c:29:11: warning: format '%u' expects argument of type 'unsigned int', but argument 2 has type 'uint32 {aka long unsigned int}' [-Wformat=]
main.c: In function 'word_accessible_test':
main.c:44:21: warning: assignment makes integer from pointer without a cast [-Wint-conversion]
   *(start_addr + i) = test_data;
                     ^
main.c:49:24: warning: comparison between pointer and integer
   if(*(start_addr + i) != test_data){
                        ^
main.c:52:11: warning: format '%u' expects argument of type 'unsigned int', but argument 2 has type 'uint32 * {aka long unsigned int *}' [-Wformat=]
    printf("Failed at memory location : %u\n", (start_addr + i));
           ^
main.c:52:11: warning: format '%u' expects argument of type 'unsigned int', but argument 2 has type 'uint32 * {aka long unsigned int *}' [-Wformat=]
main.c: In function 'dwrd_accessible_test':
main.c:67:21: warning: assignment makes integer from pointer without a cast [-Wint-conversion]
   *(start_addr + i) = test_data;
                     ^
main.c:72:24: warning: comparison between pointer and integer
   if(*(start_addr + i) != test_data){
                        ^
main.c:75:11: warning: conversion lacks type at end of format [-Wformat=]
    printf("Failed at memory location : %h", (start_addr + i));
           ^
main.c:75:11: warning: too many arguments for format [-Wformat-extra-args]
main.c:75:11: warning: conversion lacks type at end of format [-Wformat=]
main.c:75:11: warning: too many arguments for format [-Wformat-extra-args]
main.c: In function 'main':
main.c:99:29: warning: passing argument 1 of 'byte_accessible_test' discards 'volatile' qualifier from pointer target type [-Wdiscarded-qualifiers]
  res = byte_accessible_test(ram, bytes, test_data);
                             ^
main.c:17:5: note: expected 'uint32 * {aka long unsigned int *}' but argument is of type 'volatile uint32 * {aka volatile long unsigned int *}'
 int byte_accessible_test(uint32* start_addr, uint32 num_bytes, uint8* test_data){
     ^
main.c:99:41: warning: passing argument 3 of 'byte_accessible_test' makes pointer from integer without a cast [-Wint-conversion]
  res = byte_accessible_test(ram, bytes, test_data);
                                         ^
main.c:17:5: note: expected 'uint8 * {aka unsigned char *}' but argument is of type 'uint32 {aka long unsigned int}'
 int byte_accessible_test(uint32* start_addr, uint32 num_bytes, uint8* test_data){
     ^
main.c:97:6: warning: variable 'res' set but not used [-Wunused-but-set-variable]
  int res = 0;
      ^
main.c:92:9: warning: unused variable 'words' [-Wunused-variable]
  uint32 words = 8192;
         ^
main.c:91:9: warning: unused variable 'dwrds' [-Wunused-variable]
  uint32 dwrds = 4096;
         ^
Info: Linking application.elf
nios2-elf-g++  -T'../application_bsp//linker.x' -msys-crt0='../application_bsp//obj/HAL/src/crt0.o' -msys-lib=hal_bsp -L../application_bsp/  -msmallc  -Wl,-Map=application.map   -O0 -g -Wall   -mno-hw-div -mno-hw-mul -mno-hw-mulx -mgpopt=global  -o application.elf obj/default/main.o -lm -msys-lib=m
nios2-elf-insert application.elf --thread_model hal --cpu_name nios2_gen2_0 --qsys true --simulation_enabled false --id 6 --sidp 0x9028 --timestamp 1761614269 --stderr_dev jtag_uart_0 --stdin_dev jtag_uart_0 --stdout_dev jtag_uart_0 --sopc_system_name nios_system --quartus_project_dir "C:/Users/Jeffrey T/Documents/RIT/RIT-Notes/RIT2025-26/0 CPET561/Labs/Lab6/part1" --jdi ../..//output_files/lab6_p1.jdi
Info: (application.elf) 8652 Bytes program size (code + initialized data).
Info:                   7000 Bytes free for stack + heap.
Info: Creating application.objdump
nios2-elf-objdump --disassemble --syms --all-header --source application.elf >application.objdump
[application build complete]
