../Core/Src/main.c:110:5:main	8	static
../Core/Src/main.c:208:6:SystemClock_Config	96	static
../Core/Src/main.c:258:13:MX_USART2_UART_Init	8	static
../Core/Src/main.c:293:13:MX_GPIO_Init	48	static
../Core/Src/main.c:338:6:StartDefaultTask	16	static
../Core/Src/main.c:356:6:StartTask02	16	static
../Core/Src/main.c:374:6:StartTask03	16	static
../Core/Src/main.c:392:6:StartTask04	16	static
../Core/Src/main.c:411:6:HAL_TIM_PeriodElapsedCallback	16	static
../Core/Src/main.c:429:6:Error_Handler	4	static,ignoring_inline_asm
